// Jest Snapshot v1, https://goo.gl/fbAQLP

exports[`GifExpertApp should first 1`] = `
<div>
  <h1>
    GifExpertApp
  </h1>
  <form
    aria-label="form"
  >
    <input
      placeholder="Buscar gifs"
      type="text"
      value=""
    />
  </form>
  <ol />
</div>
`;
