// Jest Snapshot v1, https://goo.gl/fbAQLP

exports[`GifItem Snapshot the component 1`] = `
<div>
  <div
    class="card"
  >
    <img
      alt="titulo"
      src="https://one-punch.com/saitama.jpg"
    />
    <p>
      titulo
    </p>
  </div>
</div>
`;
